// Jest Snapshot v1, https://goo.gl/fbAQLP

exports[`App app renders correctly. matches the snapshot 1`] = `
<div
  className="container"
>
  <nav
    className="navbar navbar-expand-lg navbar-dark bg-primary"
  >
    <a
      className="navbar-brand"
      href="#"
    >
      Administrator
    </a>
    <div
      className="collapse navbar-collapse"
      id="navbarColor01"
    >
      <ul
        className="navbar-nav mr-auto"
      >
        <li
          className="nav-item"
        >
          <a
            className="nav-link"
            href="/home"
            onClick={[Function]}
          >
            Security Management 
          </a>
        </li>
      </ul>
    </div>
  </nav>
  <div>
    <div>
      <img
        height="500"
        src="/images/image1.jpg"
        width="100%"
      />
    </div>
    <button
      class="btn btn-primary"
      id="logoutbtn"
      onClick={[Function]}
      type="submit"
    >
      Log out
    </button>
  </div>
</div>
`;

exports[`App app routers renders correctly. matches the snapshot 1`] = `null`;
